#-----------------------------------------------------------
# Vivado v2023.1 (64-bit)
# SW Build 3865809 on Sun May  7 15:05:29 MDT 2023
# IP Build 3864474 on Sun May  7 20:36:21 MDT 2023
# SharedData Build 3865790 on Sun May 07 13:33:03 MDT 2023
# Start of session at: Fri Aug 18 13:19:22 2023
# Process ID: 4888
# Current directory: C:/Users/USER/Desktop/Code_Submit/Vivado_Project_Files/Thesis_Defence_GPU/Thesis_Defence_GPU.runs/impl_1
# Command line: vivado.exe -log MASTER.vdi -applog -product Vivado -messageDb vivado.pb -mode batch -source MASTER.tcl -notrace
# Log file: C:/Users/USER/Desktop/Code_Submit/Vivado_Project_Files/Thesis_Defence_GPU/Thesis_Defence_GPU.runs/impl_1/MASTER.vdi
# Journal file: C:/Users/USER/Desktop/Code_Submit/Vivado_Project_Files/Thesis_Defence_GPU/Thesis_Defence_GPU.runs/impl_1\vivado.jou
# Running On: DESKTOP-DPD4B8U, OS: Windows, CPU Frequency: 3600 MHz, CPU Physical cores: 8, Host memory: 17086 MB
#-----------------------------------------------------------
source MASTER.tcl -notrace
